[    4519ms] Uncaught SyntaxError: Unexpected end of JSON input
    at or.<computed> (https://exemplarfederallithe.com/b6/70/ef/b670efe9048f87f0d9d6fa5ac2c6c4aa.js:0:11842)
[    4752ms] TypeError: Failed to execute 'requestIdleCallback' on 'Window': The provided value is not of type 'IdleRequestOptions'.
    at https://caloriecalculatorfree.com/:25:81
[   10871ms] TypeError: Failed to execute 'requestIdleCallback' on 'Window': The provided value is not of type 'IdleRequestOptions'.
    at https://caloriecalculatorfree.com/resources/:25:81
[   11317ms] Uncaught SyntaxError: Unexpected end of JSON input
    at or.<computed> (https://fizzyacerbitymellow.com/b6/70/ef/b670efe9048f87f0d9d6fa5ac2c6c4aa.js:0:11842)
[   13242ms] TypeError: Failed to execute 'requestIdleCallback' on 'Window': The provided value is not of type 'IdleRequestOptions'.
    at https://caloriecalculatorfree.com/resources/:25:81
[   14031ms] Uncaught SyntaxError: Unexpected end of JSON input
    at or.<computed> (https://sleepoverlimitprofound.com/b6/70/ef/b670efe9048f87f0d9d6fa5ac2c6c4aa.js:0:11842)
[   14806ms] TypeError: Failed to execute 'requestIdleCallback' on 'Window': The provided value is not of type 'IdleRequestOptions'.
    at https://caloriecalculatorfree.com/resources/:25:81
[   15150ms] Uncaught SyntaxError: Unexpected end of JSON input
    at or.<computed> (https://exemplarfederallithe.com/b6/70/ef/b670efe9048f87f0d9d6fa5ac2c6c4aa.js:0:11842)
[   16560ms] TypeError: Failed to execute 'requestIdleCallback' on 'Window': The provided value is not of type 'IdleRequestOptions'.
    at https://caloriecalculatorfree.com/resources/:25:81
[   16899ms] Uncaught SyntaxError: Unexpected end of JSON input
    at or.<computed> (https://exemplarfederallithe.com/b6/70/ef/b670efe9048f87f0d9d6fa5ac2c6c4aa.js:0:11842)
[   18743ms] TypeError: Failed to execute 'requestIdleCallback' on 'Window': The provided value is not of type 'IdleRequestOptions'.
    at https://caloriecalculatorfree.com/about/:25:81
[   19422ms] Uncaught SyntaxError: Unexpected end of JSON input
    at or.<computed> (https://sleepoverlimitprofound.com/b6/70/ef/b670efe9048f87f0d9d6fa5ac2c6c4aa.js:0:11842)
[   22183ms] Uncaught SyntaxError: Unexpected end of JSON input
    at or.<computed> (https://fizzyacerbitymellow.com/b6/70/ef/b670efe9048f87f0d9d6fa5ac2c6c4aa.js:0:11842)
[   22184ms] TypeError: Failed to execute 'requestIdleCallback' on 'Window': The provided value is not of type 'IdleRequestOptions'.
    at https://caloriecalculatorfree.com/privacy-policy/:25:81
[   27057ms] TypeError: Failed to execute 'requestIdleCallback' on 'Window': The provided value is not of type 'IdleRequestOptions'.
    at https://caloriecalculatorfree.com/terms/:25:81
[   27260ms] Uncaught SyntaxError: Unexpected end of JSON input
    at or.<computed> (https://exemplarfederallithe.com/b6/70/ef/b670efe9048f87f0d9d6fa5ac2c6c4aa.js:0:11842)
[   31389ms] TypeError: Failed to execute 'requestIdleCallback' on 'Window': The provided value is not of type 'IdleRequestOptions'.
    at https://caloriecalculatorfree.com/age-calculator/:25:81
[   32134ms] Uncaught SyntaxError: Unexpected end of JSON input
    at or.<computed> (https://consumeririssalary.com/b6/70/ef/b670efe9048f87f0d9d6fa5ac2c6c4aa.js:0:11842)
[   37361ms] Uncaught SyntaxError: Unexpected end of JSON input
    at or.<computed> (https://consumeririssalary.com/b6/70/ef/b670efe9048f87f0d9d6fa5ac2c6c4aa.js:0:11842)
[   37578ms] TypeError: Failed to execute 'requestIdleCallback' on 'Window': The provided value is not of type 'IdleRequestOptions'.
    at https://caloriecalculatorfree.com/terms/:25:81
[   41111ms] Uncaught SyntaxError: Unexpected end of JSON input
    at or.<computed> (https://consumeririssalary.com/b6/70/ef/b670efe9048f87f0d9d6fa5ac2c6c4aa.js:0:11842)
[   41327ms] TypeError: Failed to execute 'requestIdleCallback' on 'Window': The provided value is not of type 'IdleRequestOptions'.
    at https://caloriecalculatorfree.com/privacy-policy/:25:81
[   41924ms] Uncaught SyntaxError: Unexpected end of JSON input
    at or.<computed> (https://consumeririssalary.com/b6/70/ef/b670efe9048f87f0d9d6fa5ac2c6c4aa.js:0:11842)
[   42130ms] TypeError: Failed to execute 'requestIdleCallback' on 'Window': The provided value is not of type 'IdleRequestOptions'.
    at https://caloriecalculatorfree.com/about/:25:81
[   47904ms] Uncaught SyntaxError: Unexpected end of JSON input
    at or.<computed> (https://consumeririssalary.com/b6/70/ef/b670efe9048f87f0d9d6fa5ac2c6c4aa.js:0:11842)
[   47905ms] TypeError: Failed to execute 'requestIdleCallback' on 'Window': The provided value is not of type 'IdleRequestOptions'.
    at https://caloriecalculatorfree.com/resources/:25:81
[   49147ms] TypeError: Failed to execute 'requestIdleCallback' on 'Window': The provided value is not of type 'IdleRequestOptions'.
    at https://caloriecalculatorfree.com/resources/:25:81
[   49151ms] [ERROR] Access to XMLHttpRequest at 'https://consumeririssalary.com/ntv.json?key=be0507cfa34405e0a2682b1d960c91a0&vstc=1&uuid=7a71ef0c-7a3e-4eb0-be2a-2c6c68ca8ff4%3A1%3A1&custom=%7B%22d37e3bc4%22%3A%22b%22%7D&rb=e' from origin 'https://caloriecalculatorfree.com' has been blocked by CORS policy: No 'Access-Control-Allow-Origin' header is present on the requested resource. @ https://caloriecalculatorfree.com/resources/:0
[   49151ms] [ERROR] Failed to load resource: net::ERR_FAILED @ https://consumeririssalary.com/ntv.json?key=be0507cfa34405e0a2682b1d960c91a0&vstc=1&uuid=7a71ef0c-7a3e-4eb0-be2a-2c6c68ca8ff4%3A1%3A1&custom=%7B%22d37e3bc4%22%3A%22b%22%7D&rb=e:0
[   52485ms] Uncaught SyntaxError: Unexpected end of JSON input
    at or.<computed> (https://sleepoverlimitprofound.com/b6/70/ef/b670efe9048f87f0d9d6fa5ac2c6c4aa.js:0:11842)
[   54283ms] TypeError: Failed to execute 'requestIdleCallback' on 'Window': The provided value is not of type 'IdleRequestOptions'.
    at https://caloriecalculatorfree.com/resources/:25:81
[   54297ms] Uncaught SyntaxError: Unexpected end of JSON input
    at or.<computed> (https://furiousexpansion.com/b6/70/ef/b670efe9048f87f0d9d6fa5ac2c6c4aa.js:0:11842)
